<?xml version="1.0" encoding="utf-8"?><testsuites><testsuite name="pytest" errors="0" failures="0" skipped="0" tests="7" time="0.953" timestamp="2026-06-15T02:48:37.042603" hostname="Mac.bbrouter"><testcase classname="tests.test_routes" name="test_health_returns_200_and_healthy_status" time="0.031" /><testcase classname="tests.test_routes" name="test_ready_returns_200" time="0.004" /><testcase classname="tests.test_routes" name="test_dashboard_returns_200_and_contains_railconnect" time="0.035" /><testcase classname="tests.test_routes" name="test_schedule_returns_200_and_contains_trains" time="0.014" /><testcase classname="tests.test_routes" name="test_api_status_returns_json_with_services" time="0.004" /><testcase classname="tests.test_routes" name="test_api_stats_returns_json_with_booked_today" time="0.004" /><testcase classname="tests.test_routes" name="test_404_returns_json_error" time="0.004" /></testsuite></testsuites>